HI-TECH Software C Compiler 

Linker command line:

--edf=c:\users\dengjiang\desktop\fmd\fmdide\data\dat\en_msgs.txt -cs \
  -h+touchlib.sym -z -Q16F1938 -ol.obj -Mtouchlib.map -E1 -p_ad3nop_text=3h \
  -ACONST=00h-0FFhx32 -ACODE=00h-02h,03h-07FFh,0800h-0FFFhx3 \
  -ASTRCODE=00h-01FFFh -AENTRY=00h-0FFhx32 -ASTRING=00h-0FFhx32 \
  -ABANK0=020h-06Fh -ABANK1=0A0h-0EFh -ABANK2=0120h-016Fh \
  -ABANK3=01A0h-01EFh -ABANK4=0220h-026Fh -ABANK5=02A0h-02EFh \
  -ABANK6=0320h-036Fh -ABANK7=03A0h-03EFh -ABANK8=0420h-046Fh \
  -ABANK9=04A0h-04EFh -ABANK10=0520h-056Fh -ABANK11=05A0h-05EFh \
  -ABANK12=0620h-064Fh -ABIGRAM=02000h-023EFh \
  -ARAM=020h-06Fh,0A0h-0EFh,0120h-016Fh,01A0h-01EFh,0220h-026Fh,02A0h-02EFh,0320h-036Fh,03A0h-03EFh,0420h-046Fh,04A0h-04EFh,0520h-056Fh,05A0h-05EFh,0620h-064Fh \
  -AABS1=020h-07Fh,0A0h-0EFh,0120h-016Fh,01A0h-01EFh,0220h-026Fh,02A0h-02EFh,0320h-036Fh,03A0h-03EFh,0420h-046Fh,04A0h-04EFh,0520h-056Fh,05A0h-05EFh,0620h-064Fh \
  -ACOMMON=070h-07Fh -ASFR0=00h-01Fh -ASFR1=080h-09Fh -ASFR2=0100h-011Fh \
  -ASFR3=0180h-019Fh -ASFR4=0200h-021Fh -ASFR5=0280h-029Fh \
  -ASFR6=0300h-031Fh -ASFR7=0380h-039Fh -ASFR8=0400h-041Fh \
  -ASFR9=0480h-049Fh -ASFR10=0500h-051Fh -ASFR11=0580h-059Fh \
  -ASFR12=0600h-061Fh -ASFR13=0680h-06EFh -ASFR14=0700h-076Fh \
  -ASFR15=0780h-07EFh -ASFR16=0800h-086Fh -ASFR17=0880h-08EFh \
  -ASFR18=0900h-096Fh -ASFR19=0980h-09EFh -ASFR20=0A00h-0A6Fh \
  -ASFR21=0A80h-0AEFh -ASFR22=0B00h-0B6Fh -ASFR23=0B80h-0BEFh \
  -ASFR24=0C00h-0C6Fh -ASFR25=0C80h-0CEFh -ASFR26=0D00h-0D6Fh \
  -ASFR27=0D80h-0DEFh -ASFR28=0E00h-0E6Fh -ASFR29=0E80h-0EEFh \
  -ASFR30=0F00h-0F6Fh -ASFR31=0F80h-0FEFh \
  -preset_vec=00h,intentry=04h,init,end_init -ppowerup=CODE -pfunctab=CODE \
  -ACONFIG=08007h-08008h -pconfig=CONFIG -DCONFIG=2 -AIDLOC=08000h-08003h \
  -pidloc=IDLOC -DIDLOC=2 -AEEDATA=00h-0FFh/0F000h -peeprom_data=EEDATA \
  -DEEDATA=2 -DCODE=2 -DSTRCODE=2 -DSTRING=2 -DCONST=2 -DENTRY=2 -k \
  startup.obj touchlib.obj 

Object code version is 3.10

Machine type is 16F1938



                Name                               Link     Load   Length Selector   Space Scale
startup.obj     end_init                             10       10        3        8       0
                reset_vec                             0        0        2        0       0
touchlib.obj    intentry                              4        4        C        8       0
                text624                              5D       5D      7A3       BA       0
                cstackBANK0hh                        5B       5B        8       5B       1
                cstackCOMMON                         70       70        D       70       1
                clrtext                              51       51        C       A2       0
                dataBANK1                            CB       CB        F       A0       1
                bssBANK1                             A0       A0       2B       A0       1
                dataBANK0l                           63       63        4       5B       1
                bssBANK0l                            20       20       2C       20       1
                bitbssBANK0hh                       338       67        1       5B       1     8
                bitbssCOMMON                        3E8       7D        4       70       1     8
                cinit                               DDF      DDF      221     1BBE       0
                _ad3nop_text                          3        3        1        6       0
                stringtext                         1000     1000       BA       20       0

TOTAL           Name                               Link     Load   Length     Space
        CLASS   CONST          

        CLASS   CODE           
                end_init                             10       10        3         0
                intentry                              4        4        C         0
                reset_vec                             0        0        2         0
                text624                              5D       5D      7A3         0
                clrtext                              51       51        C         0
                cinit                               DDF      DDF      221         0
                _ad3nop_text                          3        3        1         0

        CLASS   STRCODE        
                stringtext                         1000     1000       BA         0

        CLASS   ENTRY          

        CLASS   STRING         

        CLASS   BANK0          
                cstackBANK0hh                        5B       5B        8         1
                dataBANK0l                           63       63        4         1
                bssBANK0l                            20       20       2C         1
                bitbssBANK0hh                       338       67        1         1

        CLASS   BANK1          
                dataBANK1                            CB       CB        F         1
                bssBANK1                             A0       A0       2B         1

        CLASS   BANK2          

        CLASS   BANK3          

        CLASS   BANK4          

        CLASS   BANK5          

        CLASS   BANK6          

        CLASS   BANK7          

        CLASS   BANK8          

        CLASS   BANK9          

        CLASS   BANK10         

        CLASS   BANK11         

        CLASS   BANK12         

        CLASS   BIGRAM         

        CLASS   RAM            

        CLASS   ABS1           
                abs_s1                               50       50        B         1
                abs_s1                               7E       7E        2         1
                abs_s1                              4D0      4D0       20         1
                abs_s1                              520      520       50         1
                abs_s1                              5A0      5A0       50         1
                abs_s1                              620      620       30         1

        CLASS   COMMON         
                cstackCOMMON                         70       70        D         1
                bitbssCOMMON                        3E8       7D        4         1

        CLASS   SFR0           

        CLASS   SFR1           

        CLASS   SFR2           

        CLASS   SFR3           

        CLASS   SFR4           

        CLASS   SFR5           

        CLASS   SFR6           

        CLASS   SFR7           

        CLASS   SFR8           

        CLASS   SFR9           

        CLASS   SFR10          

        CLASS   SFR11          

        CLASS   SFR12          

        CLASS   SFR13          

        CLASS   SFR14          

        CLASS   SFR15          

        CLASS   SFR16          

        CLASS   SFR17          

        CLASS   SFR18          

        CLASS   SFR19          

        CLASS   SFR20          

        CLASS   SFR21          

        CLASS   SFR22          

        CLASS   SFR23          

        CLASS   SFR24          

        CLASS   SFR25          

        CLASS   SFR26          

        CLASS   SFR27          

        CLASS   SFR28          

        CLASS   SFR29          

        CLASS   SFR30          

        CLASS   SFR31          

        CLASS   CONFIG         

        CLASS   IDLOC          

        CLASS   EEDATA         

        CLASS   BANK31         

        CLASS   BANK30         

        CLASS   BANK29         

        CLASS   BANK28         

        CLASS   BANK27         

        CLASS   BANK26         

        CLASS   BANK25         

        CLASS   BANK24         

        CLASS   BANK23         

        CLASS   BANK22         

        CLASS   BANK21         

        CLASS   BANK20         

        CLASS   BANK19         

        CLASS   BANK18         

        CLASS   BANK17         

        CLASS   BANK16         

        CLASS   BANK15         

        CLASS   BANK14         

        CLASS   BANK13         



SEGMENTS        Name                           Load    Length   Top    Selector   Space  Class     Delta

                reset_vec                      000000  000002  000002         0       0  CODE        2
                _ad3nop_text                   000003  000001  000004         6       0  CODE        2
                intentry                       000004  00000F  000013         8       0  CODE        2
                bssBANK0l                      000020  00002C  00004C        20       1  BANK0       1
                cstackBANK0hh                  00005B  00000D  000068        5B       1  BANK0       1
                cstackCOMMON                   000070  00000E  00007E        70       1  COMMON      1
                bssBANK1                       0000A0  00003A  0000DA        A0       1  BANK1       1
                clrtext                        000051  00000C  00005D        A2       0  CODE        2
                text624                        00005D  0007A3  000800        BA       0  CODE        2
                cinit                          000DDF  000221  001000      1BBE       0  CODE        2
                stringtext                     001000  0000BA  0010BA        20       0  STRCODE     2


UNUSED ADDRESS RANGES

        Name                Unused          Largest block    Delta
        BANK0            004C-004F              4           1
                         0068-006F              8
        BANK1            00DA-00EF             16           1
        BANK2            0120-016F             50           1
        BANK3            01A0-01EF             50           1
        BANK4            0220-026F             50           1
        BANK5            02A0-02EF             50           1
        BANK6            0320-036F             50           1
        BANK7            03A0-03EF             50           1
        BANK8            0420-046F             50           1
        BANK9            04A0-04CF             30           1
        BIGRAM           2000-23EF            3F0           1
        CODE             0002-0002              1           2
                         0013-0050             3E
                         0800-0DDE            5DF
                         10BA-1FFF            746
        CONFIG           8007-8008              2           2
        CONST            0002-0002              1           2
                         0013-0050             3E
                         0800-0DDE            100
                         10BA-1FFF            100
        EEDATA           F000-F0FF            100           2
        ENTRY            0002-0002              1           2
                         0013-0050             3E
                         0800-0DDE            100
                         10BA-1FFF            100
        IDLOC            8000-8003              4           2
        RAM              004C-004F              4           1
                         0068-006F              8
                         00DA-00EF             16
                         0120-016F             50
                         01A0-01EF             50
                         0220-026F             50
                         02A0-02EF             50
                         0320-036F             50
                         03A0-03EF             50
                         0420-046F             50
                         04A0-04CF             30
        SFR0             0000-001F             20           1
        SFR1             0080-009F             20           1
        SFR10            0500-051F             20           1
        SFR11            0580-059F             20           1
        SFR12            0600-061F             20           1
        SFR13            0680-06EF             70           1
        SFR14            0700-076F             70           1
        SFR15            0780-07EF             70           1
        SFR16            0800-086F             70           1
        SFR17            0880-08EF             70           1
        SFR18            0900-096F             70           1
        SFR19            0980-09EF             70           1
        SFR2             0100-011F             20           1
        SFR20            0A00-0A6F             70           1
        SFR21            0A80-0AEF             70           1
        SFR22            0B00-0B6F             70           1
        SFR23            0B80-0BEF             70           1
        SFR24            0C00-0C6F             70           1
        SFR25            0C80-0CEF             70           1
        SFR26            0D00-0D6F             70           1
        SFR27            0D80-0DEF             70           1
        SFR28            0E00-0E6F             70           1
        SFR29            0E80-0EEF             70           1
        SFR3             0180-019F             20           1
        SFR30            0F00-0F6F             70           1
        SFR31            0F80-0FEF             70           1
        SFR4             0200-021F             20           1
        SFR5             0280-029F             20           1
        SFR6             0300-031F             20           1
        SFR7             0380-039F             20           1
        SFR8             0400-041F             20           1
        SFR9             0480-049F             20           1
        STRCODE          0002-0002              1           2
                         0013-0050             3E
                         0800-0DDE            5DF
                         10BA-1FFF            F46
        STRING           0002-0002              1           2
                         0013-0050             3E
                         0800-0DDE            100
                         10BA-1FFF            100

                                  Symbol Table

??_DIV                      cstackCOMMON  0070
??_DataProcessing           cstackCOMMON  0073
??_DelayMs                  cstackCOMMON  0072
??_DelayUs                  cstackCOMMON  0070
??_HighFreqCo               cstackCOMMON  0070
??_ISR                      cstackCOMMON  0070
??_MxSet013                 cstackCOMMON  0070
??_ReadTouchData            cstackCOMMON  007B
??_StartHigeFreq            cstackCOMMON  0071
??_SysInit                  cstackCOMMON  0070
??_Time4Initial             cstackCOMMON  0070
??_TouchInit                cstackCOMMON  0070
??_TouchInital              cstackCOMMON  0078
??_TouchKeyScan             cstackCOMMON  007D
??_UART_INITIAL             cstackCOMMON  0070
??___awdiv                  cstackCOMMON  0074
??___bmul                   cstackCOMMON  0071
??_main                     cstackCOMMON  007D
??_uart_data_send           cstackCOMMON  0070
?_DIV                       cstackCOMMON  0070
?_DataProcessing            cstackCOMMON  0070
?_DelayMs                   cstackCOMMON  0070
?_DelayUs                   cstackCOMMON  0070
?_HighFreqCo                cstackCOMMON  0070
?_ISR                       cstackCOMMON  0070
?_MxSet013                  cstackCOMMON  0070
?_ReadTouchData             cstackCOMMON  0070
?_StartHigeFreq             cstackCOMMON  0070
?_SysInit                   cstackCOMMON  0070
?_Time4Initial              cstackCOMMON  0070
?_TouchInit                 cstackCOMMON  0070
?_TouchInital               cstackCOMMON  0070
?_TouchKeyScan              cstackBANK0hh 005B
?_UART_INITIAL              cstackCOMMON  0070
?___awdiv                   cstackCOMMON  0070
?___bmul                    cstackCOMMON  0070
?_main                      cstackCOMMON  0070
?_uart_data_send            cstackCOMMON  0070
DelayMs@Time                cstackCOMMON  0072
DelayMs@a                   cstackCOMMON  0073
DelayMs@b                   cstackCOMMON  0074
DelayUs@Time                cstackCOMMON  0070
DelayUs@a                   cstackCOMMON  0071
HighFreqCo@a                cstackCOMMON  0072
MxSet013@a                  cstackCOMMON  0070
StartHigeFreq@a             cstackCOMMON  0072
TouchInit@Time              cstackCOMMON  0070
_ACTIVE_SENSOR_DELTA        stringtext    1001
_AFP2                       (abs)         011D
_ANSELA                     (abs)         0197
_DIV                        text624       01F0
_DataProcessing             text624       023D
_DelayMs                    cinit         0F94
_DelayUs                    cinit         0FA5
_HighFreqCo                 text624       04C5
_INACTIVE_SENSOR_DELTA      stringtext    105B
_INTCON                     (abs)         000B
_IO_TOUCH_ATTR1             stringtext    10B5
_ISR                        intentry      0004
_LONGKEYPROTECT1            stringtext    10B7
_M0ANALOG                   (abs)         0392
_M1ANALOG                   (abs)         0393
_M2ANALOG                   (abs)         0394
_M3ANALOG                   (abs)         0395
_MxSet013                   text624       0231
_OSCCON                     (abs)         0099
_PCKEN                      (abs)         009A
_PORTA                      (abs)         000C
_PORTB                      (abs)         000D
_PORTC                      (abs)         000E
_PORTD                      (abs)         000F
_PRIMARYKEY11               stringtext    10B8
_PSINK0                     (abs)         019A
_PSINK1                     (abs)         019B
_PSINK2                     (abs)         019C
_PSINK3                     (abs)         019D
_PSRC0                      (abs)         011A
_PSRC1                      (abs)         011B
_RA0                        (abs)         0060
_RA3                        (abs)         0063
_RB0                        (abs)         0068
_RB1                        (abs)         0069
_RB4                        (abs)         006C
_RC6                        (abs)         0076
_RD0                        (abs)         0078
_RD1                        (abs)         0079
_RD3                        (abs)         007B
_ReadTouchData              text624       005D
_SCANNINGTIME1              stringtext    10B9
_STATUS                     (abs)         0003
_StartHigeFreq              text624       0655
_SysInit                    cinit         0E8C
_T4UIE                      (abs)         0890
_T4UIF                      (abs)         0898
_TCF                        (abs)         24E0
_TIM4ARR                    (abs)         0117
_TIM4CNTR                   (abs)         0115
_TIM4CR1                    (abs)         0111
_TIM4EGR                    (abs)         0114
_TIM4IER                    (abs)         0112
_TIM4PSCR                   (abs)         0116
_TIM4SR                     (abs)         0113
_TKC0                       (abs)         038D
_TKC1                       (abs)         038E
_TKM016DH                   (abs)         0F95
_TKM016DL                   (abs)         0F94
_TKM0C0                     (abs)         0396
_TKM0C1                     (abs)         0397
_TKM116DH                   (abs)         0F9D
_TKM116DL                   (abs)         0F9C
_TKM1C0                     (abs)         0398
_TKM1C1                     (abs)         0399
_TKM216DH                   (abs)         0FA5
_TKM216DL                   (abs)         0FA4
_TKM2C0                     (abs)         039A
_TKM2C1                     (abs)         039B
_TKM316DH                   (abs)         0FAD
_TKM316DL                   (abs)         0FAC
_TKM3C0                     (abs)         039C
_TKM3C1                     (abs)         039D
_TKRCOV                     (abs)         1C6E
_TKST                       (abs)         1C6D
_TKTMR                      (abs)         038C
_TRISA                      (abs)         008C
_TRISA4                     (abs)         0464
_TRISA5                     (abs)         0465
_TRISA6                     (abs)         0466
_TRISA7                     (abs)         0467
_TRISB                      (abs)         008D
_TRISB2                     (abs)         046A
_TRISB3                     (abs)         046B
_TRISB4                     (abs)         046C
_TRISB7                     (abs)         046F
_TRISC                      (abs)         008E
_TRISC0                     (abs)         0470
_TRISC1                     (abs)         0471
_TRISC3                     (abs)         0473
_TRISC4                     (abs)         0474
_TRISC5                     (abs)         0475
_TRISC6                     (abs)         0476
_TRISC7                     (abs)         0477
_TRISD                      (abs)         008F
_TRISD5                     (abs)         047D
_Time4Initial               cinit         0EB2
_TouchInit                  text624       0770
_TouchInital                cinit         0EEE
_TouchKeyScan               cinit         0FAE
_UART_INITIAL               cinit         0EC3
_URDATAL                    (abs)         048C
_URDLH                      (abs)         0495
_URDLL                      (abs)         0494
_URIER                      (abs)         048E
_URLCR                      (abs)         048F
_URMCR                      (abs)         0491
_UROD                       (abs)         10F8
_WPDA                       (abs)         020C
_WPDB                       (abs)         020D
_WPDC                       (abs)         020E
_WPDD                       (abs)         020F
_WPROOF1                    (abs)         038F
_WPROOF2                    (abs)         0390
_WPROOF3                    (abs)         0391
_WPUA                       (abs)         018C
_WPUB                       (abs)         018D
_WPUC                       (abs)         018E
_WPUD                       (abs)         018F
__H_ad3nop_text             _ad3nop_text  0004
__Habs1                     abs1          0000
__Hbank0                    bank0         0000
__Hbank1                    bank1         0000
__Hbank10                   bank10        0000
__Hbank11                   bank11        0000
__Hbank12                   bank12        0000
__Hbank13                   bank13        0000
__Hbank14                   bank14        0000
__Hbank15                   bank15        0000
__Hbank16                   bank16        0000
__Hbank17                   bank17        0000
__Hbank18                   bank18        0000
__Hbank19                   bank19        0000
__Hbank2                    bank2         0000
__Hbank20                   bank20        0000
__Hbank21                   bank21        0000
__Hbank22                   bank22        0000
__Hbank23                   bank23        0000
__Hbank24                   bank24        0000
__Hbank25                   bank25        0000
__Hbank26                   bank26        0000
__Hbank27                   bank27        0000
__Hbank28                   bank28        0000
__Hbank29                   bank29        0000
__Hbank3                    bank3         0000
__Hbank30                   bank30        0000
__Hbank31                   bank31        0000
__Hbank4                    bank4         0000
__Hbank5                    bank5         0000
__Hbank6                    bank6         0000
__Hbank7                    bank7         0000
__Hbank8                    bank8         0000
__Hbank9                    bank9         0000
__Hbigram                   bigram        0000
__HbitbssBANK0hh            bitbssBANK0hh 0000
__HbitbssCOMMON             bitbssCOMMON  0000
__HbssBANK0l                bssBANK0l     0000
__HbssBANK1                 bssBANK1      0000
__Hcinit                    cinit         0000
__Hclrtext                  clrtext       0000
__Hcode                     code          0000
__Hcommon                   common        0000
__Hconfig                   config        0000
__HcstackBANK0hh            cstackBANK0hh 0000
__HcstackCOMMON             cstackCOMMON  0000
__HdataBANK0l               dataBANK0l    0000
__HdataBANK1                dataBANK1     0000
__Heeprom_data              eeprom_data   0000
__Hend_init                 end_init      0013
__Hfunctab                  functab       0000
__HidataBANK0l              idataBANK0l   0000
__HidataBANK1               idataBANK1    0000
__Hidloc                    idloc         0000
__Hinit                     init          0010
__Hintentry                 intentry      0010
__Hmaintext                 maintext      0000
__Hpa_nodes                 pa_nodes      0000
__Hpowerup                  powerup       0000
__Hram                      ram           0000
__Hreset_vec                reset_vec     0002
__Hsfr0                     sfr0          0000
__Hsfr1                     sfr1          0000
__Hsfr10                    sfr10         0000
__Hsfr11                    sfr11         0000
__Hsfr12                    sfr12         0000
__Hsfr13                    sfr13         0000
__Hsfr14                    sfr14         0000
__Hsfr15                    sfr15         0000
__Hsfr16                    sfr16         0000
__Hsfr17                    sfr17         0000
__Hsfr18                    sfr18         0000
__Hsfr19                    sfr19         0000
__Hsfr2                     sfr2          0000
__Hsfr20                    sfr20         0000
__Hsfr21                    sfr21         0000
__Hsfr22                    sfr22         0000
__Hsfr23                    sfr23         0000
__Hsfr24                    sfr24         0000
__Hsfr25                    sfr25         0000
__Hsfr26                    sfr26         0000
__Hsfr27                    sfr27         0000
__Hsfr28                    sfr28         0000
__Hsfr29                    sfr29         0000
__Hsfr3                     sfr3          0000
__Hsfr30                    sfr30         0000
__Hsfr31                    sfr31         0000
__Hsfr4                     sfr4          0000
__Hsfr5                     sfr5          0000
__Hsfr6                     sfr6          0000
__Hsfr7                     sfr7          0000
__Hsfr8                     sfr8          0000
__Hsfr9                     sfr9          0000
__Hstrings                  strings       0000
__Hstringtext               stringtext    0000
__Htext                     text          0000
__L_ad3nop_text             _ad3nop_text  0003
__Labs1                     abs1          0000
__Lbank0                    bank0         0000
__Lbank1                    bank1         0000
__Lbank10                   bank10        0000
__Lbank11                   bank11        0000
__Lbank12                   bank12        0000
__Lbank13                   bank13        0000
__Lbank14                   bank14        0000
__Lbank15                   bank15        0000
__Lbank16                   bank16        0000
__Lbank17                   bank17        0000
__Lbank18                   bank18        0000
__Lbank19                   bank19        0000
__Lbank2                    bank2         0000
__Lbank20                   bank20        0000
__Lbank21                   bank21        0000
__Lbank22                   bank22        0000
__Lbank23                   bank23        0000
__Lbank24                   bank24        0000
__Lbank25                   bank25        0000
__Lbank26                   bank26        0000
__Lbank27                   bank27        0000
__Lbank28                   bank28        0000
__Lbank29                   bank29        0000
__Lbank3                    bank3         0000
__Lbank30                   bank30        0000
__Lbank31                   bank31        0000
__Lbank4                    bank4         0000
__Lbank5                    bank5         0000
__Lbank6                    bank6         0000
__Lbank7                    bank7         0000
__Lbank8                    bank8         0000
__Lbank9                    bank9         0000
__Lbigram                   bigram        0000
__LbitbssBANK0hh            bitbssBANK0hh 0000
__LbitbssCOMMON             bitbssCOMMON  0000
__LbssBANK0l                bssBANK0l     0000
__LbssBANK1                 bssBANK1      0000
__Lcinit                    cinit         0000
__Lclrtext                  clrtext       0000
__Lcode                     code          0000
__Lcommon                   common        0000
__Lconfig                   config        0000
__LcstackBANK0hh            cstackBANK0hh 0000
__LcstackCOMMON             cstackCOMMON  0000
__LdataBANK0l               dataBANK0l    0000
__LdataBANK1                dataBANK1     0000
__Leeprom_data              eeprom_data   0000
__Lend_init                 end_init      0010
__Lfunctab                  functab       0000
__LidataBANK0l              idataBANK0l   0000
__LidataBANK1               idataBANK1    0000
__Lidloc                    idloc         0000
__Linit                     init          0010
__Lintentry                 intentry      0004
__Lmaintext                 maintext      0000
__Lpa_nodes                 pa_nodes      0000
__Lpowerup                  powerup       0000
__Lram                      ram           0000
__Lreset_vec                reset_vec     0000
__Lsfr0                     sfr0          0000
__Lsfr1                     sfr1          0000
__Lsfr10                    sfr10         0000
__Lsfr11                    sfr11         0000
__Lsfr12                    sfr12         0000
__Lsfr13                    sfr13         0000
__Lsfr14                    sfr14         0000
__Lsfr15                    sfr15         0000
__Lsfr16                    sfr16         0000
__Lsfr17                    sfr17         0000
__Lsfr18                    sfr18         0000
__Lsfr19                    sfr19         0000
__Lsfr2                     sfr2          0000
__Lsfr20                    sfr20         0000
__Lsfr21                    sfr21         0000
__Lsfr22                    sfr22         0000
__Lsfr23                    sfr23         0000
__Lsfr24                    sfr24         0000
__Lsfr25                    sfr25         0000
__Lsfr26                    sfr26         0000
__Lsfr27                    sfr27         0000
__Lsfr28                    sfr28         0000
__Lsfr29                    sfr29         0000
__Lsfr3                     sfr3          0000
__Lsfr30                    sfr30         0000
__Lsfr31                    sfr31         0000
__Lsfr4                     sfr4          0000
__Lsfr5                     sfr5          0000
__Lsfr6                     sfr6          0000
__Lsfr7                     sfr7          0000
__Lsfr8                     sfr8          0000
__Lsfr9                     sfr9          0000
__Lstrings                  strings       0000
__Lstringtext               stringtext    0000
__Ltext                     text          0000
__S0                        (abs)         10BA
__S1                        (abs)         00DA
__S2                        (abs)         0000
___awdiv                    cinit         0F54
___awdiv@counter            cstackCOMMON  0074
___awdiv@dividend           cstackCOMMON  0072
___awdiv@divisor            cstackCOMMON  0070
___awdiv@quotient           cstackCOMMON  0076
___awdiv@sign               cstackCOMMON  0075
___bmul                     text624       04B9
___bmul@multiplicand        cstackCOMMON  0070
___bmul@multiplier          cstackCOMMON  0072
___bmul@product             cstackCOMMON  0071
__end_of_DIV                text624       0231
__end_of_DataProcessing     text624       04B9
__end_of_DelayMs            cinit         0FA5
__end_of_DelayUs            cinit         0FAE
__end_of_HighFreqCo         text624       0518
__end_of_ISR                intentry      0010
__end_of_MxSet013           text624       023D
__end_of_ReadTouchData      text624       01F0
__end_of_StartHigeFreq      text624       0770
__end_of_SysInit            cinit         0EB2
__end_of_Time4Initial       cinit         0EC3
__end_of_TouchInit          text624       0786
__end_of_TouchInital        cinit         0F54
__end_of_TouchKeyScan       cinit         0FF6
__end_of_UART_INITIAL       cinit         0ED8
__end_of___awdiv            cinit         0F94
__end_of___bmul             text624       04C5
__end_of_main               cinit         0E8C
__end_of_uart_data_send     cinit         0EEE
__p_ad3nop_text             _ad3nop_text  0003
__pbitbssBANK0hh            bitbssBANK0hh 0338
__pbitbssCOMMON             bitbssCOMMON  03E8
__pbssBANK0l                bssBANK0l     0020
__pbssBANK1                 bssBANK1      00A0
__pbssBIGRAM                (abs)         2300
__pcstackBANK0hh            cstackBANK0hh 005B
__pcstackCOMMON             cstackCOMMON  0070
__pdataBANK0l               dataBANK0l    0063
__pdataBANK1                dataBANK1     00CB
__pidataBANK0l              idataBANK0l   0000
__pidataBANK1               idataBANK1    0000
__pintentry                 intentry      0004
__pmaintext                 cinit         0E29
__pstringtext               stringtext    1000
__ptext623                  cinit         0FAE
__ptext624                  text624       005D
__ptext625                  text624       023D
__ptext626                  cinit         0F94
__ptext627                  text624       0655
__ptext628                  cinit         0FA5
__ptext629                  cinit         0EEE
__ptext630                  cinit         0F54
__ptext631                  text624       04B9
__ptext632                  text624       04C5
__ptext633                  text624       0231
__ptext634                  text624       0770
__ptext635                  text624       01F0
__ptext636                  cinit         0ED8
__ptext637                  cinit         0EC3
__ptext638                  cinit         0EB2
__ptext639                  cinit         0E8C
__size_of_DIV               (abs)         0000
__size_of_DataProcessing    (abs)         0000
__size_of_DelayMs           (abs)         0000
__size_of_DelayUs           (abs)         0000
__size_of_HighFreqCo        (abs)         0000
__size_of_ISR               (abs)         0000
__size_of_MxSet013          (abs)         0000
__size_of_ReadTouchData     (abs)         0000
__size_of_StartHigeFreq     (abs)         0000
__size_of_SysInit           (abs)         0000
__size_of_Time4Initial      (abs)         0000
__size_of_TouchInit         (abs)         0000
__size_of_TouchInital       (abs)         0000
__size_of_TouchKeyScan      (abs)         0000
__size_of_UART_INITIAL      (abs)         0000
__size_of___awdiv           (abs)         0000
__size_of___bmul            (abs)         0000
__size_of_main              (abs)         0000
__size_of_uart_data_send    (abs)         0000
__stringtab                 stringtext    1000
_ad3nop                     _ad3nop_text  0003
_ad3nop_absaddr             (abs)         0003
_exit                       init          0010
_flag                       bssBANK0l     0034
_fmd_AntiWaterBit           bssBANK0l     0049
_fmd_DownDataTime           dataBANK0l    0063
_fmd_DownTouchCount         dataBANK0l    0065
_fmd_HfreqOn                bssBANK0l     0035
_fmd_KeyBuffPress           bssBANK0l     0036
_fmd_KeyBuffUnPress         bssBANK0l     0037
_fmd_KeyDValue_Key          bssBANK0l     0028
_fmd_KeyDValue_Key_base     bssBANK1      00B9
_fmd_KeyDValue_Key_baseBuff bssBANK1      00BD
_fmd_Keystatus              bssBANK0l     002C
_fmd_Keystatus1             bssBANK0l     002E
_fmd_Keystatus2             bssBANK0l     0030
_fmd_Null0                  (abs)         0050
_fmd_Null1                  (abs)         0053
_fmd_Null2                  (abs)         0054
_fmd_Null3                  (abs)         005A
_fmd_OriginalData           (abs)         0051
_fmd_PressOff               bssBANK0l     0038
_fmd_PressOffCount          bssBANK0l     0039
_fmd_ReferenceData          (abs)         0055
_fmd_ResultData             (abs)         0057
_fmd_ResultDataH            (abs)         0059
_fmd_Startgx                bssBANK0l     003A
_fmd_TestCount              bssBANK0l     003B
_fmd_TouchDataBuff_Key      bssBANK0l     0020
_fmd_UpDataTime             dataBANK1     00D6
_fmd_UpTouchCount           dataBANK1     00D8
_fmd_a                      bssBANK0l     004A
_fmd_a1                     bssBANK0l     003C
_fmd_a2                     bssBANK0l     003D
_fmd_a3                     bssBANK0l     003E
_fmd_antishaketimecount     bssBANK0l     003F
_fmd_antishaketimecount1    bssBANK0l     0040
_fmd_channels               bssBANK0l     004B
_fmd_currentCount           bssBANK0l     0041
_fmd_f_firstdown            bitbssCOMMON  03E8
_fmd_f_firstloop            bitbssCOMMON  03E9
_fmd_f_forbidden            bitbssCOMMON  03EA
_fmd_f_keydown_flag         bitbssBANK0hh 0338
_fmd_f_main_key             bitbssCOMMON  03EB
_fmd_nodownavrdata_Key      (abs)         2300
_fmd_nodownsum_Key          (abs)         2378
_fmd_theUsedChannel         bssBANK1      00A0
_fmd_thedeathcount          bssBANK1      00C1
_fmd_thedeathcount1         bssBANK1      00C3
_fmd_thedeathcount2         bssBANK1      00C5
_fmd_u                      bssBANK0l     0042
_fmd_updataFlag             bssBANK0l     0043
_fmd_x                      bssBANK0l     0044
_k                          bssBANK0l     0045
_key_status                 bssBANK1      00C7
_main                       cinit         0E29
_readKeyNum                 bssBANK1      00C9
_receivedata                bssBANK1      00AF
_senddata                   bssBANK0l     0046
_toSend                     dataBANK1     00CB
_uart_data_send             cinit         0ED8
_unionAllKeyFlag            bssBANK0l     0047
_unionAllTimeFlag           bssBANK0l     0048
_varKeyPushCnt              bssBANK0l     0032
btemp                       (abs)         007E
clear_ram                   clrtext       0051
end_of_initialization       cinit         0E27
i1l12599                                      
i1l12605                                      
intlevel0                   functab       0000
intlevel1                   functab       0000
intlevel2                   functab       0000
intlevel3                   functab       0000
intlevel4                   functab       0000
intlevel5                   functab       0000
l12607                                        
l12609                                        
l12611                                        
l12613                                        
l12615                                        
l12617                                        
l12619                                        
l12621                                        
l12623                                        
l12625                                        
l12627                                        
l12629                                        
l12631                                        
l12633                                        
l12635                                        
l12637                                        
l12639                                        
l12641                                        
l12643                                        
l12645                                        
l12647                                        
l12649                                        
l12651                                        
l12653                                        
l12655                                        
l12657                                        
l12659                                        
l12661                                        
l12663                                        
l12665                                        
l12667                                        
l12669                                        
l12671                                        
l12673                                        
l12675                                        
l12677                                        
l12679                                        
l12681                                        
l12683                                        
l12685                                        
l12687                                        
l12689                                        
l12691                                        
l12693                                        
l12695                                        
l12697                                        
l12705                                        
l12707                                        
l12709                                        
l12711                                        
l12713                                        
l12715                                        
l12717                                        
l12719                                        
l12721                                        
l12723                                        
l12725                                        
l12727                                        
l12729                                        
l12731                                        
l12733                                        
l12735                                        
l12737                                        
l12739                                        
l12741                                        
l12743                                        
l12745                                        
l12765                                        
l12773                                        
l12775                                        
l12797                                        
l12799                                        
l12803                                        
l12809                                        
l12813                                        
l12823                                        
l12827                                        
l12831                                        
l12835                                        
l12841                                        
l12857                                        
l12859                                        
l12861                                        
l12863                                        
l12865                                        
l12867                                        
l12869                                        
l12871                                        
l12873                                        
l12883                                        
l12885                                        
l12893                                        
l12895                                        
l12897                                        
l12899                                        
l12903                                        
l12905                                        
l12909                                        
l12911                                        
l12913                                        
l12915                                        
l12917                                        
l12919                                        
l12921                                        
l12927                                        
l12929                                        
l12931                                        
l12935                                        
l12937                                        
l12939                                        
l12941                                        
l12943                                        
l12945                                        
l12947                                        
l12955                                        
l12957                                        
l12965                                        
l12967                                        
l12969                                        
l12971                                        
l12973                                        
l12975                                        
l12977                                        
l12983                                        
l12985                                        
l12987                                        
l12991                                        
l12993                                        
l12995                                        
l12997                                        
l12999                                        
l13001                                        
l13003                                        
l13021                                        
l13023                                        
l13025                                        
l13027                                        
l13029                                        
l13031                                        
l13033                                        
l13039                                        
l13041                                        
l13043                                        
l13047                                        
l13049                                        
l13051                                        
l13053                                        
l13055                                        
l13057                                        
l13059                                        
l13075                                        
l13077                                        
l13079                                        
l13081                                        
l13083                                        
l13085                                        
l13087                                        
l13093                                        
l13095                                        
l13097                                        
l13101                                        
l13103                                        
l13105                                        
l13107                                        
l13109                                        
l13111                                        
l13113                                        
l13127                                        
l13137                                        
l13139                                        
l13145                                        
l13213                                        
l13227                                        
l13237                                        
l13265                                        
l13269                                        
l13275                                        
l13277                                        
l13279                                        
l13281                                        
l13303                                        
l13305                                        
l13311                                        
l13313                                        
l13319                                        
l13321                                        
l13323                                        
l13325                                        
l13351                                        
l13353                                        
l13361                                        
l13363                                        
l13365                                        
l13377                                        
l13379                                        
l13381                                        
l13391                                        
l13393                                        
l13401                                        
l13411                                        
l13419                                        
l13423                                        
l13427                                        
l13441                                        
l13443                                        
l13447                                        
l13449                                        
l13451                                        
l13453                                        
l13455                                        
l13471                                        
l13475                                        
l13477                                        
l13479                                        
l13481                                        
l13483                                        
l13485                                        
l13487                                        
l13489                                        
l13505                                        
l13509                                        
l13511                                        
l13513                                        
l13515                                        
l13519                                        
l13523                                        
l13539                                        
l13543                                        
l13545                                        
l13549                                        
l13551                                        
l13553                                        
l13555                                        
l13557                                        
l13573                                        
l13577                                        
l13579                                        
l13581                                        
l13583                                        
l13585                                        
l13587                                        
l13589                                        
l13591                                        
l13607                                        
l13611                                        
l13613                                        
l13615                                        
l13617                                        
l13631                                        
l13635                                        
l13637                                        
l13639                                        
l13641                                        
l13643                                        
l13645                                        
l13647                                        
l13663                                        
l13667                                        
l13669                                        
l13671                                        
l13687                                        
l13689                                        
l13691                                        
l13693                                        
l13695                                        
l13697                                        
l13699                                        
l13701                                        
l13705                                        
l13707                                        
l13709                                        
l13711                                        
l13723                                        
l13727                                        
l13729                                        
l13731                                        
l13733                                        
l13735                                        
l13737                                        
l13739                                        
l13755                                        
l13759                                        
l13761                                        
l13763                                        
l13765                                        
l13767                                        
l13769                                        
l13771                                        
l13773                                        
l13775                                        
l13777                                        
l13793                                        
l13797                                        
l13799                                        
l13801                                        
l13803                                        
l13833                                        
l13835                                        
l13841                                        
l13905                                        
l13907                                        
l13915                                        
l13917                                        
l13925                                        
l13929                                        
l13933                                        
l13937                                        
l13941                                        
l13943                                        
l13945                                        
l13951                                        
l13953                                        
l13955                                        
l13957                                        
l13959                                        
l13961                                        
l13963                                        
l13969                                        
l13971                                        
l13973                                        
l13975                                        
l13977                                        
l13981                                        
l13983                                        
l13987                                        
l13989                                        
l13995                                        
l13999                                        
l14001                                        
l14003                                        
l14007                                        
l14009                                        
l14011                                        
l14013                                        
l2405                                         
l2408                                         
l4770                                         
l4776                                         
l4784                                         
l4801                                         
l7260                                         
l7263                                         
l7266                                         
l7267                                         
l7268                                         
l7269                                         
l7270                                         
l7271                                         
l7272                                         
l7280                                         
l7284                                         
l7287                                         
l7413                                         
l7438                                         
l7528                                         
l9200                                         
l9353                                         
main@data                   cstackBANK0hh 005D
reset_vec                   reset_vec     0000
start                       init          0010
start_initialization        cinit         0DDF
uart_data_send@buff         cstackCOMMON  0071
uart_data_send@i            cstackCOMMON  0072
wtemp0                      (abs)         007E
